200
200
433
3
432
5
t
nil
nil
t
3
2.079442
77
42
2
1235
8
2
1235
1235
3
1234
